// Jest Snapshot v1, https://goo.gl/fbAQLP

exports[`Nav should exist 1`] = `
ShallowWrapper {
  "length": 1,
  Symbol(enzyme.__root__): [Circular],
  Symbol(enzyme.__unrendered__): <Nav />,
  Symbol(enzyme.__renderer__): Object {
    "batchedUpdates": [Function],
    "getNode": [Function],
    "render": [Function],
    "simulateEvent": [Function],
    "unmount": [Function],
  },
  Symbol(enzyme.__node__): Object {
    "instance": null,
    "key": undefined,
    "nodeType": "host",
    "props": Object {
      "children": Array [
        <div>
          <NavLink
                    activeClassName="active"
                    ariaCurrent="true"
                    to="/people"
          >
                    People
          </NavLink>
</div>,
        <div>
          <NavLink
                    activeClassName="active"
                    ariaCurrent="true"
                    to="/planets"
          >
                    Planets
          </NavLink>
</div>,
        <div>
          <NavLink
                    activeClassName="active"
                    ariaCurrent="true"
                    to="/vehicles"
          >
                    Vehicles
          </NavLink>
</div>,
        <div>
          <NavLink
                    activeClassName="active"
                    ariaCurrent="true"
                    to="/favorites"
          >
                    Favorites
                    <span
                              className="fav-num"
                    />
          </NavLink>
</div>,
      ],
      "className": "nav-menu",
    },
    "ref": null,
    "rendered": Array [
      Object {
        "instance": null,
        "key": undefined,
        "nodeType": "host",
        "props": Object {
          "children": <NavLink
            activeClassName="active"
            ariaCurrent="true"
            to="/people"
>
            People
</NavLink>,
        },
        "ref": null,
        "rendered": Object {
          "instance": null,
          "key": undefined,
          "nodeType": "function",
          "props": Object {
            "activeClassName": "active",
            "ariaCurrent": "true",
            "children": "People",
            "to": "/people",
          },
          "ref": null,
          "rendered": "People",
          "type": [Function],
        },
        "type": "div",
      },
      Object {
        "instance": null,
        "key": undefined,
        "nodeType": "host",
        "props": Object {
          "children": <NavLink
            activeClassName="active"
            ariaCurrent="true"
            to="/planets"
>
            Planets
</NavLink>,
        },
        "ref": null,
        "rendered": Object {
          "instance": null,
          "key": undefined,
          "nodeType": "function",
          "props": Object {
            "activeClassName": "active",
            "ariaCurrent": "true",
            "children": "Planets",
            "to": "/planets",
          },
          "ref": null,
          "rendered": "Planets",
          "type": [Function],
        },
        "type": "div",
      },
      Object {
        "instance": null,
        "key": undefined,
        "nodeType": "host",
        "props": Object {
          "children": <NavLink
            activeClassName="active"
            ariaCurrent="true"
            to="/vehicles"
>
            Vehicles
</NavLink>,
        },
        "ref": null,
        "rendered": Object {
          "instance": null,
          "key": undefined,
          "nodeType": "function",
          "props": Object {
            "activeClassName": "active",
            "ariaCurrent": "true",
            "children": "Vehicles",
            "to": "/vehicles",
          },
          "ref": null,
          "rendered": "Vehicles",
          "type": [Function],
        },
        "type": "div",
      },
      Object {
        "instance": null,
        "key": undefined,
        "nodeType": "host",
        "props": Object {
          "children": <NavLink
            activeClassName="active"
            ariaCurrent="true"
            to="/favorites"
>
            Favorites
            <span
                        className="fav-num"
            />
</NavLink>,
        },
        "ref": null,
        "rendered": Object {
          "instance": null,
          "key": undefined,
          "nodeType": "function",
          "props": Object {
            "activeClassName": "active",
            "ariaCurrent": "true",
            "children": Array [
              "Favorites",
              <span
                className="fav-num"
/>,
            ],
            "to": "/favorites",
          },
          "ref": null,
          "rendered": Array [
            "Favorites",
            Object {
              "instance": null,
              "key": undefined,
              "nodeType": "host",
              "props": Object {
                "children": 0,
                "className": "fav-num",
              },
              "ref": null,
              "rendered": 0,
              "type": "span",
            },
          ],
          "type": [Function],
        },
        "type": "div",
      },
    ],
    "type": "nav",
  },
  Symbol(enzyme.__nodes__): Array [
    Object {
      "instance": null,
      "key": undefined,
      "nodeType": "host",
      "props": Object {
        "children": Array [
          <div>
            <NavLink
                        activeClassName="active"
                        ariaCurrent="true"
                        to="/people"
            >
                        People
            </NavLink>
</div>,
          <div>
            <NavLink
                        activeClassName="active"
                        ariaCurrent="true"
                        to="/planets"
            >
                        Planets
            </NavLink>
</div>,
          <div>
            <NavLink
                        activeClassName="active"
                        ariaCurrent="true"
                        to="/vehicles"
            >
                        Vehicles
            </NavLink>
</div>,
          <div>
            <NavLink
                        activeClassName="active"
                        ariaCurrent="true"
                        to="/favorites"
            >
                        Favorites
                        <span
                                    className="fav-num"
                        />
            </NavLink>
</div>,
        ],
        "className": "nav-menu",
      },
      "ref": null,
      "rendered": Array [
        Object {
          "instance": null,
          "key": undefined,
          "nodeType": "host",
          "props": Object {
            "children": <NavLink
              activeClassName="active"
              ariaCurrent="true"
              to="/people"
>
              People
</NavLink>,
          },
          "ref": null,
          "rendered": Object {
            "instance": null,
            "key": undefined,
            "nodeType": "function",
            "props": Object {
              "activeClassName": "active",
              "ariaCurrent": "true",
              "children": "People",
              "to": "/people",
            },
            "ref": null,
            "rendered": "People",
            "type": [Function],
          },
          "type": "div",
        },
        Object {
          "instance": null,
          "key": undefined,
          "nodeType": "host",
          "props": Object {
            "children": <NavLink
              activeClassName="active"
              ariaCurrent="true"
              to="/planets"
>
              Planets
</NavLink>,
          },
          "ref": null,
          "rendered": Object {
            "instance": null,
            "key": undefined,
            "nodeType": "function",
            "props": Object {
              "activeClassName": "active",
              "ariaCurrent": "true",
              "children": "Planets",
              "to": "/planets",
            },
            "ref": null,
            "rendered": "Planets",
            "type": [Function],
          },
          "type": "div",
        },
        Object {
          "instance": null,
          "key": undefined,
          "nodeType": "host",
          "props": Object {
            "children": <NavLink
              activeClassName="active"
              ariaCurrent="true"
              to="/vehicles"
>
              Vehicles
</NavLink>,
          },
          "ref": null,
          "rendered": Object {
            "instance": null,
            "key": undefined,
            "nodeType": "function",
            "props": Object {
              "activeClassName": "active",
              "ariaCurrent": "true",
              "children": "Vehicles",
              "to": "/vehicles",
            },
            "ref": null,
            "rendered": "Vehicles",
            "type": [Function],
          },
          "type": "div",
        },
        Object {
          "instance": null,
          "key": undefined,
          "nodeType": "host",
          "props": Object {
            "children": <NavLink
              activeClassName="active"
              ariaCurrent="true"
              to="/favorites"
>
              Favorites
              <span
                            className="fav-num"
              />
</NavLink>,
          },
          "ref": null,
          "rendered": Object {
            "instance": null,
            "key": undefined,
            "nodeType": "function",
            "props": Object {
              "activeClassName": "active",
              "ariaCurrent": "true",
              "children": Array [
                "Favorites",
                <span
                  className="fav-num"
/>,
              ],
              "to": "/favorites",
            },
            "ref": null,
            "rendered": Array [
              "Favorites",
              Object {
                "instance": null,
                "key": undefined,
                "nodeType": "host",
                "props": Object {
                  "children": 0,
                  "className": "fav-num",
                },
                "ref": null,
                "rendered": 0,
                "type": "span",
              },
            ],
            "type": [Function],
          },
          "type": "div",
        },
      ],
      "type": "nav",
    },
  ],
  Symbol(enzyme.__options__): Object {
    "adapter": ReactSixteenAdapter {
      "options": Object {
        "enableComponentDidUpdateOnSetState": true,
      },
    },
  },
}
`;
