// Jest Snapshot v1, https://goo.gl/fbAQLP

exports[`App App state should match snapshot 1`] = `
ShallowWrapper {
  "length": 1,
  Symbol(enzyme.__root__): [Circular],
  Symbol(enzyme.__unrendered__): <App />,
  Symbol(enzyme.__renderer__): Object {
    "batchedUpdates": [Function],
    "getNode": [Function],
    "render": [Function],
    "simulateEvent": [Function],
    "unmount": [Function],
  },
  Symbol(enzyme.__node__): Object {
    "instance": null,
    "key": undefined,
    "nodeType": "host",
    "props": Object {
      "children": Array [
        <Header />,
        <Main
          addToFav={[Function]}
          favorites={Array []}
          fetchPeople={[Function]}
          fetchPlanets={[Function]}
          fetchVehicles={[Function]}
          openingText={Object {}}
          people={null}
          planets={null}
          vehicles={null}
/>,
      ],
      "className": "App",
    },
    "ref": null,
    "rendered": Array [
      Object {
        "instance": null,
        "key": undefined,
        "nodeType": "function",
        "props": Object {},
        "ref": null,
        "rendered": null,
        "type": [Function],
      },
      Object {
        "instance": null,
        "key": undefined,
        "nodeType": "function",
        "props": Object {
          "addToFav": [Function],
          "favorites": Array [],
          "fetchPeople": [Function],
          "fetchPlanets": [Function],
          "fetchVehicles": [Function],
          "openingText": Object {},
          "people": null,
          "planets": null,
          "vehicles": null,
        },
        "ref": null,
        "rendered": null,
        "type": [Function],
      },
    ],
    "type": "div",
  },
  Symbol(enzyme.__nodes__): Array [
    Object {
      "instance": null,
      "key": undefined,
      "nodeType": "host",
      "props": Object {
        "children": Array [
          <Header />,
          <Main
            addToFav={[Function]}
            favorites={Array []}
            fetchPeople={[Function]}
            fetchPlanets={[Function]}
            fetchVehicles={[Function]}
            openingText={Object {}}
            people={null}
            planets={null}
            vehicles={null}
/>,
        ],
        "className": "App",
      },
      "ref": null,
      "rendered": Array [
        Object {
          "instance": null,
          "key": undefined,
          "nodeType": "function",
          "props": Object {},
          "ref": null,
          "rendered": null,
          "type": [Function],
        },
        Object {
          "instance": null,
          "key": undefined,
          "nodeType": "function",
          "props": Object {
            "addToFav": [Function],
            "favorites": Array [],
            "fetchPeople": [Function],
            "fetchPlanets": [Function],
            "fetchVehicles": [Function],
            "openingText": Object {},
            "people": null,
            "planets": null,
            "vehicles": null,
          },
          "ref": null,
          "rendered": null,
          "type": [Function],
        },
      ],
      "type": "div",
    },
  ],
  Symbol(enzyme.__options__): Object {
    "adapter": ReactSixteenAdapter {
      "options": Object {
        "enableComponentDidUpdateOnSetState": true,
      },
    },
    "disableLifecycleMethods": true,
  },
}
`;
